**********************
Windows PowerShell transcript start
Start time: 20170825101022
Username: HQ\jinxu
RunAs User: HQ\jinxu
Machine: CPH-WKS-0019 (Microsoft Windows NT 10.0.15063.0)
Host Application: C:\Windows\System32\WindowsPowerShell\v1.0\powershell.exe
Process ID: 6932
PSVersion: 5.1.15063.502
PSEdition: Desktop
PSCompatibleVersions: 1.0, 2.0, 3.0, 4.0, 5.0, 5.1.15063.502
BuildVersion: 10.0.15063.502
CLRVersion: 4.0.30319.42000
WSManStackVersion: 3.0
PSRemotingProtocolVersion: 2.3
SerializationVersion: 1.1.0.1
**********************
Transcript started, output file is C:\Users\jinxu\Documents\GitHub\kunai\test\Log\PullMaster.log


Preparing to run build script...
Running build script...

PS C:\Users\jinxu\Documents\GitHub\kunai\test\TestExecutor> TerminatingError(): "The pipeline has been stopped."
>> TerminatingError(): "The pipeline has been stopped."
>> TerminatingError(): "The pipeline has been stopped."
>> TerminatingError(): "The pipeline has been stopped."
>> TerminatingError(): "The pipeline has been stopped."
>> TerminatingError(): "The pipeline has been stopped."
>> TerminatingError(): "The pipeline has been stopped."
PS C:\Users\jinxu\Documents\GitHub\kunai\master> popd
PS C:\Users\jinxu\Documents\GitHub\kunai\test\TestExecutor> .\runKunai.ps1


You cannot call a method on a null-valued expression.
At C:\Users\jinxu\Documents\GitHub\kunai\test\TestExecutor\runKunai.ps1:17 char:5
+     $_server = (docker-compose.exe  -f .\docker-compose-full.yml ps | ...
+     ~~~~~~~~~~~~~~~~~~~~~~~~~~~~~~~~~~~~~~~~~~~~~~~~~~~~~~~~~~~~~~~~~
    + CategoryInfo          : InvalidOperation: (:) [], RuntimeException
    + FullyQualifiedErrorId : InvokeMethodOnNull
You cannot call a method on a null-valued expression.
At C:\Users\jinxu\Documents\GitHub\kunai\test\TestExecutor\runKunai.ps1:17 char:5
+     $_server = (docker-compose.exe  -f .\docker-compose-full.yml ps | ...
+     ~~~~~~~~~~~~~~~~~~~~~~~~~~~~~~~~~~~~~~~~~~~~~~~~~~~~~~~~~~~~~~~~~
    + CategoryInfo          : InvalidOperation: (:) [], RuntimeException
    + FullyQualifiedErrorId : InvokeMethodOnNull

You cannot call a method on a null-valued expression.
At C:\Users\jinxu\Documents\GitHub\kunai\test\TestExecutor\runKunai.ps1:18 char:5
+     $isServerUp = $_server.Contains('Up')
+     ~~~~~~~~~~~~~~~~~~~~~~~~~~~~~~~~~~~~~
    + CategoryInfo          : InvalidOperation: (:) [], RuntimeException
    + FullyQualifiedErrorId : InvokeMethodOnNull
You cannot call a method on a null-valued expression.
At C:\Users\jinxu\Documents\GitHub\kunai\test\TestExecutor\runKunai.ps1:18 char:5
+     $isServerUp = $_server.Contains('Up')
+     ~~~~~~~~~~~~~~~~~~~~~~~~~~~~~~~~~~~~~
    + CategoryInfo          : InvalidOperation: (:) [], RuntimeException
    + FullyQualifiedErrorId : InvokeMethodOnNull

Server is not running
You cannot call a method on a null-valued expression.
At C:\Users\jinxu\Documents\GitHub\kunai\test\TestExecutor\runKunai.ps1:22 char:5
+     $_api = (docker-compose.exe  -f .\docker-compose-full.yml ps | Se ...
+     ~~~~~~~~~~~~~~~~~~~~~~~~~~~~~~~~~~~~~~~~~~~~~~~~~~~~~~~~~~~~~~~~~
    + CategoryInfo          : InvalidOperation: (:) [], RuntimeException
    + FullyQualifiedErrorId : InvokeMethodOnNull
You cannot call a method on a null-valued expression.
At C:\Users\jinxu\Documents\GitHub\kunai\test\TestExecutor\runKunai.ps1:22 char:5
+     $_api = (docker-compose.exe  -f .\docker-compose-full.yml ps | Se ...
+     ~~~~~~~~~~~~~~~~~~~~~~~~~~~~~~~~~~~~~~~~~~~~~~~~~~~~~~~~~~~~~~~~~
    + CategoryInfo          : InvalidOperation: (:) [], RuntimeException
    + FullyQualifiedErrorId : InvokeMethodOnNull

You cannot call a method on a null-valued expression.
At C:\Users\jinxu\Documents\GitHub\kunai\test\TestExecutor\runKunai.ps1:23 char:5
+     $isApiUp = $_api.Contains('Up')
+     ~~~~~~~~~~~~~~~~~~~~~~~~~~~~~~~
    + CategoryInfo          : InvalidOperation: (:) [], RuntimeException
    + FullyQualifiedErrorId : InvokeMethodOnNull
You cannot call a method on a null-valued expression.
At C:\Users\jinxu\Documents\GitHub\kunai\test\TestExecutor\runKunai.ps1:23 char:5
+     $isApiUp = $_api.Contains('Up')
+     ~~~~~~~~~~~~~~~~~~~~~~~~~~~~~~~
    + CategoryInfo          : InvalidOperation: (:) [], RuntimeException
    + FullyQualifiedErrorId : InvokeMethodOnNull

Api is not running
cnt : The term 'cnt' is not recognized as the name of a cmdlet, function, script file, or operable program. Check the sp
elling of the name, or if a path was included, verify that the path is correct and try again.
At C:\Users\jinxu\Documents\GitHub\kunai\test\TestExecutor\runKunai.ps1:33 char:9
+     if (cnt > 2400){
+         ~~~
    + CategoryInfo          : ObjectNotFound: (cnt:String) [], CommandNotFoundException
    + FullyQualifiedErrorId : CommandNotFoundException
cnt : The term 'cnt' is not recognized as the name of a cmdlet, function, script file, or operable program. Check the spelling of the name, or if a path was included, verify that the path is correct and try again.
At C:\Users\jinxu\Documents\GitHub\kunai\test\TestExecutor\runKunai.ps1:33 char:9
+     if (cnt > 2400){
+         ~~~
    + CategoryInfo          : ObjectNotFound: (cnt:String) [], CommandNotFoundException
    + FullyQualifiedErrorId : CommandNotFoundException

You cannot call a method on a null-valued expression.
At C:\Users\jinxu\Documents\GitHub\kunai\test\TestExecutor\runKunai.ps1:17 char:5
+     $_server = (docker-compose.exe  -f .\docker-compose-full.yml ps | ...
+     ~~~~~~~~~~~~~~~~~~~~~~~~~~~~~~~~~~~~~~~~~~~~~~~~~~~~~~~~~~~~~~~~~
    + CategoryInfo          : InvalidOperation: (:) [], RuntimeException
    + FullyQualifiedErrorId : InvokeMethodOnNull
You cannot call a method on a null-valued expression.
At C:\Users\jinxu\Documents\GitHub\kunai\test\TestExecutor\runKunai.ps1:17 char:5
+     $_server = (docker-compose.exe  -f .\docker-compose-full.yml ps | ...
+     ~~~~~~~~~~~~~~~~~~~~~~~~~~~~~~~~~~~~~~~~~~~~~~~~~~~~~~~~~~~~~~~~~
    + CategoryInfo          : InvalidOperation: (:) [], RuntimeException
    + FullyQualifiedErrorId : InvokeMethodOnNull

You cannot call a method on a null-valued expression.
At C:\Users\jinxu\Documents\GitHub\kunai\test\TestExecutor\runKunai.ps1:18 char:5
+     $isServerUp = $_server.Contains('Up')
+     ~~~~~~~~~~~~~~~~~~~~~~~~~~~~~~~~~~~~~
    + CategoryInfo          : InvalidOperation: (:) [], RuntimeException
    + FullyQualifiedErrorId : InvokeMethodOnNull
You cannot call a method on a null-valued expression.
At C:\Users\jinxu\Documents\GitHub\kunai\test\TestExecutor\runKunai.ps1:18 char:5
+     $isServerUp = $_server.Contains('Up')
+     ~~~~~~~~~~~~~~~~~~~~~~~~~~~~~~~~~~~~~
    + CategoryInfo          : InvalidOperation: (:) [], RuntimeException
    + FullyQualifiedErrorId : InvokeMethodOnNull

Server is not running
You cannot call a method on a null-valued expression.
At C:\Users\jinxu\Documents\GitHub\kunai\test\TestExecutor\runKunai.ps1:22 char:5
+     $_api = (docker-compose.exe  -f .\docker-compose-full.yml ps | Se ...
+     ~~~~~~~~~~~~~~~~~~~~~~~~~~~~~~~~~~~~~~~~~~~~~~~~~~~~~~~~~~~~~~~~~
    + CategoryInfo          : InvalidOperation: (:) [], RuntimeException
    + FullyQualifiedErrorId : InvokeMethodOnNull
You cannot call a method on a null-valued expression.
At C:\Users\jinxu\Documents\GitHub\kunai\test\TestExecutor\runKunai.ps1:22 char:5
+     $_api = (docker-compose.exe  -f .\docker-compose-full.yml ps | Se ...
+     ~~~~~~~~~~~~~~~~~~~~~~~~~~~~~~~~~~~~~~~~~~~~~~~~~~~~~~~~~~~~~~~~~
    + CategoryInfo          : InvalidOperation: (:) [], RuntimeException
    + FullyQualifiedErrorId : InvokeMethodOnNull

You cannot call a method on a null-valued expression.
At C:\Users\jinxu\Documents\GitHub\kunai\test\TestExecutor\runKunai.ps1:23 char:5
+     $isApiUp = $_api.Contains('Up')
+     ~~~~~~~~~~~~~~~~~~~~~~~~~~~~~~~
    + CategoryInfo          : InvalidOperation: (:) [], RuntimeException
    + FullyQualifiedErrorId : InvokeMethodOnNull
You cannot call a method on a null-valued expression.
At C:\Users\jinxu\Documents\GitHub\kunai\test\TestExecutor\runKunai.ps1:23 char:5
+     $isApiUp = $_api.Contains('Up')
+     ~~~~~~~~~~~~~~~~~~~~~~~~~~~~~~~
    + CategoryInfo          : InvalidOperation: (:) [], RuntimeException
    + FullyQualifiedErrorId : InvokeMethodOnNull

Api is not running
cnt : The term 'cnt' is not recognized as the name of a cmdlet, function, script file, or operable program. Check the sp
elling of the name, or if a path was included, verify that the path is correct and try again.
At C:\Users\jinxu\Documents\GitHub\kunai\test\TestExecutor\runKunai.ps1:33 char:9
+     if (cnt > 2400){
+         ~~~
    + CategoryInfo          : ObjectNotFound: (cnt:String) [], CommandNotFoundException
    + FullyQualifiedErrorId : CommandNotFoundException
cnt : The term 'cnt' is not recognized as the name of a cmdlet, function, script file, or operable program. Check the spelling of the name, or if a path was included, verify that the path is correct and try again.
At C:\Users\jinxu\Documents\GitHub\kunai\test\TestExecutor\runKunai.ps1:33 char:9
+     if (cnt > 2400){
+         ~~~
    + CategoryInfo          : ObjectNotFound: (cnt:String) [], CommandNotFoundException
    + FullyQualifiedErrorId : CommandNotFoundException

You cannot call a method on a null-valued expression.
At C:\Users\jinxu\Documents\GitHub\kunai\test\TestExecutor\runKunai.ps1:17 char:5
+     $_server = (docker-compose.exe  -f .\docker-compose-full.yml ps | ...
+     ~~~~~~~~~~~~~~~~~~~~~~~~~~~~~~~~~~~~~~~~~~~~~~~~~~~~~~~~~~~~~~~~~
    + CategoryInfo          : InvalidOperation: (:) [], RuntimeException
    + FullyQualifiedErrorId : InvokeMethodOnNull
You cannot call a method on a null-valued expression.
At C:\Users\jinxu\Documents\GitHub\kunai\test\TestExecutor\runKunai.ps1:17 char:5
+     $_server = (docker-compose.exe  -f .\docker-compose-full.yml ps | ...
+     ~~~~~~~~~~~~~~~~~~~~~~~~~~~~~~~~~~~~~~~~~~~~~~~~~~~~~~~~~~~~~~~~~
    + CategoryInfo          : InvalidOperation: (:) [], RuntimeException
    + FullyQualifiedErrorId : InvokeMethodOnNull

You cannot call a method on a null-valued expression.
At C:\Users\jinxu\Documents\GitHub\kunai\test\TestExecutor\runKunai.ps1:18 char:5
+     $isServerUp = $_server.Contains('Up')
+     ~~~~~~~~~~~~~~~~~~~~~~~~~~~~~~~~~~~~~
    + CategoryInfo          : InvalidOperation: (:) [], RuntimeException
    + FullyQualifiedErrorId : InvokeMethodOnNull
You cannot call a method on a null-valued expression.
At C:\Users\jinxu\Documents\GitHub\kunai\test\TestExecutor\runKunai.ps1:18 char:5
+     $isServerUp = $_server.Contains('Up')
+     ~~~~~~~~~~~~~~~~~~~~~~~~~~~~~~~~~~~~~
    + CategoryInfo          : InvalidOperation: (:) [], RuntimeException
    + FullyQualifiedErrorId : InvokeMethodOnNull

Server is not running
You cannot call a method on a null-valued expression.
At C:\Users\jinxu\Documents\GitHub\kunai\test\TestExecutor\runKunai.ps1:22 char:5
+     $_api = (docker-compose.exe  -f .\docker-compose-full.yml ps | Se ...
+     ~~~~~~~~~~~~~~~~~~~~~~~~~~~~~~~~~~~~~~~~~~~~~~~~~~~~~~~~~~~~~~~~~
    + CategoryInfo          : InvalidOperation: (:) [], RuntimeException
    + FullyQualifiedErrorId : InvokeMethodOnNull
You cannot call a method on a null-valued expression.
At C:\Users\jinxu\Documents\GitHub\kunai\test\TestExecutor\runKunai.ps1:22 char:5
+     $_api = (docker-compose.exe  -f .\docker-compose-full.yml ps | Se ...
+     ~~~~~~~~~~~~~~~~~~~~~~~~~~~~~~~~~~~~~~~~~~~~~~~~~~~~~~~~~~~~~~~~~
    + CategoryInfo          : InvalidOperation: (:) [], RuntimeException
    + FullyQualifiedErrorId : InvokeMethodOnNull

You cannot call a method on a null-valued expression.
At C:\Users\jinxu\Documents\GitHub\kunai\test\TestExecutor\runKunai.ps1:23 char:5
+     $isApiUp = $_api.Contains('Up')
+     ~~~~~~~~~~~~~~~~~~~~~~~~~~~~~~~
    + CategoryInfo          : InvalidOperation: (:) [], RuntimeException
    + FullyQualifiedErrorId : InvokeMethodOnNull
You cannot call a method on a null-valued expression.
At C:\Users\jinxu\Documents\GitHub\kunai\test\TestExecutor\runKunai.ps1:23 char:5
+     $isApiUp = $_api.Contains('Up')
+     ~~~~~~~~~~~~~~~~~~~~~~~~~~~~~~~
    + CategoryInfo          : InvalidOperation: (:) [], RuntimeException
    + FullyQualifiedErrorId : InvokeMethodOnNull

Api is not running
PS C:\Users\jinxu\Documents\GitHub\kunai\test\TestExecutor> TerminatingError(): "The pipeline has been stopped."
>> TerminatingError(): "The pipeline has been stopped."
>> TerminatingError(): "The pipeline has been stopped."
PS C:\Users\jinxu\Documents\GitHub\kunai\master\docker> popd
PS C:\Users\jinxu\Documents\GitHub\kunai\test\TestExecutor> .\runKunai.ps1


You cannot call a method on a null-valued expression.
At C:\Users\jinxu\Documents\GitHub\kunai\test\TestExecutor\runKunai.ps1:17 char:5
+     $_server = (docker-compose.exe -f .\docker-compose-dbs.yml -f .\d ...
+     ~~~~~~~~~~~~~~~~~~~~~~~~~~~~~~~~~~~~~~~~~~~~~~~~~~~~~~~~~~~~~~~~~
    + CategoryInfo          : InvalidOperation: (:) [], RuntimeException
    + FullyQualifiedErrorId : InvokeMethodOnNull
You cannot call a method on a null-valued expression.
At C:\Users\jinxu\Documents\GitHub\kunai\test\TestExecutor\runKunai.ps1:17 char:5
+     $_server = (docker-compose.exe -f .\docker-compose-dbs.yml -f .\d ...
+     ~~~~~~~~~~~~~~~~~~~~~~~~~~~~~~~~~~~~~~~~~~~~~~~~~~~~~~~~~~~~~~~~~
    + CategoryInfo          : InvalidOperation: (:) [], RuntimeException
    + FullyQualifiedErrorId : InvokeMethodOnNull

You cannot call a method on a null-valued expression.
At C:\Users\jinxu\Documents\GitHub\kunai\test\TestExecutor\runKunai.ps1:18 char:5
+     $isServerUp = $_server.Contains('Up')
+     ~~~~~~~~~~~~~~~~~~~~~~~~~~~~~~~~~~~~~
    + CategoryInfo          : InvalidOperation: (:) [], RuntimeException
    + FullyQualifiedErrorId : InvokeMethodOnNull
You cannot call a method on a null-valued expression.
At C:\Users\jinxu\Documents\GitHub\kunai\test\TestExecutor\runKunai.ps1:18 char:5
+     $isServerUp = $_server.Contains('Up')
+     ~~~~~~~~~~~~~~~~~~~~~~~~~~~~~~~~~~~~~
    + CategoryInfo          : InvalidOperation: (:) [], RuntimeException
    + FullyQualifiedErrorId : InvokeMethodOnNull

Server is not running
You cannot call a method on a null-valued expression.
At C:\Users\jinxu\Documents\GitHub\kunai\test\TestExecutor\runKunai.ps1:22 char:5
+     $_api = (docker-compose.exe  -f .\docker-compose-dbs.yml -f .\doc ...
+     ~~~~~~~~~~~~~~~~~~~~~~~~~~~~~~~~~~~~~~~~~~~~~~~~~~~~~~~~~~~~~~~~~
    + CategoryInfo          : InvalidOperation: (:) [], RuntimeException
    + FullyQualifiedErrorId : InvokeMethodOnNull
You cannot call a method on a null-valued expression.
At C:\Users\jinxu\Documents\GitHub\kunai\test\TestExecutor\runKunai.ps1:22 char:5
+     $_api = (docker-compose.exe  -f .\docker-compose-dbs.yml -f .\doc ...
+     ~~~~~~~~~~~~~~~~~~~~~~~~~~~~~~~~~~~~~~~~~~~~~~~~~~~~~~~~~~~~~~~~~
    + CategoryInfo          : InvalidOperation: (:) [], RuntimeException
    + FullyQualifiedErrorId : InvokeMethodOnNull

You cannot call a method on a null-valued expression.
At C:\Users\jinxu\Documents\GitHub\kunai\test\TestExecutor\runKunai.ps1:23 char:5
+     $isApiUp = $_api.Contains('Up')
+     ~~~~~~~~~~~~~~~~~~~~~~~~~~~~~~~
    + CategoryInfo          : InvalidOperation: (:) [], RuntimeException
    + FullyQualifiedErrorId : InvokeMethodOnNull
You cannot call a method on a null-valued expression.
At C:\Users\jinxu\Documents\GitHub\kunai\test\TestExecutor\runKunai.ps1:23 char:5
+     $isApiUp = $_api.Contains('Up')
+     ~~~~~~~~~~~~~~~~~~~~~~~~~~~~~~~
    + CategoryInfo          : InvalidOperation: (:) [], RuntimeException
    + FullyQualifiedErrorId : InvokeMethodOnNull

Api is not running
cnt : The term 'cnt' is not recognized as the name of a cmdlet, function, script file, or operable program. Check the sp
elling of the name, or if a path was included, verify that the path is correct and try again.
At C:\Users\jinxu\Documents\GitHub\kunai\test\TestExecutor\runKunai.ps1:33 char:9
+     if (cnt > 2400){
+         ~~~
    + CategoryInfo          : ObjectNotFound: (cnt:String) [], CommandNotFoundException
    + FullyQualifiedErrorId : CommandNotFoundException
cnt : The term 'cnt' is not recognized as the name of a cmdlet, function, script file, or operable program. Check the spelling of the name, or if a path was included, verify that the path is correct and try again.
At C:\Users\jinxu\Documents\GitHub\kunai\test\TestExecutor\runKunai.ps1:33 char:9
+     if (cnt > 2400){
+         ~~~
    + CategoryInfo          : ObjectNotFound: (cnt:String) [], CommandNotFoundException
    + FullyQualifiedErrorId : CommandNotFoundException

You cannot call a method on a null-valued expression.
At C:\Users\jinxu\Documents\GitHub\kunai\test\TestExecutor\runKunai.ps1:17 char:5
+     $_server = (docker-compose.exe -f .\docker-compose-dbs.yml -f .\d ...
+     ~~~~~~~~~~~~~~~~~~~~~~~~~~~~~~~~~~~~~~~~~~~~~~~~~~~~~~~~~~~~~~~~~
    + CategoryInfo          : InvalidOperation: (:) [], RuntimeException
    + FullyQualifiedErrorId : InvokeMethodOnNull
You cannot call a method on a null-valued expression.
At C:\Users\jinxu\Documents\GitHub\kunai\test\TestExecutor\runKunai.ps1:17 char:5
+     $_server = (docker-compose.exe -f .\docker-compose-dbs.yml -f .\d ...
+     ~~~~~~~~~~~~~~~~~~~~~~~~~~~~~~~~~~~~~~~~~~~~~~~~~~~~~~~~~~~~~~~~~
    + CategoryInfo          : InvalidOperation: (:) [], RuntimeException
    + FullyQualifiedErrorId : InvokeMethodOnNull

You cannot call a method on a null-valued expression.
At C:\Users\jinxu\Documents\GitHub\kunai\test\TestExecutor\runKunai.ps1:18 char:5
+     $isServerUp = $_server.Contains('Up')
+     ~~~~~~~~~~~~~~~~~~~~~~~~~~~~~~~~~~~~~
    + CategoryInfo          : InvalidOperation: (:) [], RuntimeException
    + FullyQualifiedErrorId : InvokeMethodOnNull
You cannot call a method on a null-valued expression.
At C:\Users\jinxu\Documents\GitHub\kunai\test\TestExecutor\runKunai.ps1:18 char:5
+     $isServerUp = $_server.Contains('Up')
+     ~~~~~~~~~~~~~~~~~~~~~~~~~~~~~~~~~~~~~
    + CategoryInfo          : InvalidOperation: (:) [], RuntimeException
    + FullyQualifiedErrorId : InvokeMethodOnNull

Server is not running
You cannot call a method on a null-valued expression.
At C:\Users\jinxu\Documents\GitHub\kunai\test\TestExecutor\runKunai.ps1:22 char:5
+     $_api = (docker-compose.exe  -f .\docker-compose-dbs.yml -f .\doc ...
+     ~~~~~~~~~~~~~~~~~~~~~~~~~~~~~~~~~~~~~~~~~~~~~~~~~~~~~~~~~~~~~~~~~
    + CategoryInfo          : InvalidOperation: (:) [], RuntimeException
    + FullyQualifiedErrorId : InvokeMethodOnNull
You cannot call a method on a null-valued expression.
At C:\Users\jinxu\Documents\GitHub\kunai\test\TestExecutor\runKunai.ps1:22 char:5
+     $_api = (docker-compose.exe  -f .\docker-compose-dbs.yml -f .\doc ...
+     ~~~~~~~~~~~~~~~~~~~~~~~~~~~~~~~~~~~~~~~~~~~~~~~~~~~~~~~~~~~~~~~~~
    + CategoryInfo          : InvalidOperation: (:) [], RuntimeException
    + FullyQualifiedErrorId : InvokeMethodOnNull

You cannot call a method on a null-valued expression.
At C:\Users\jinxu\Documents\GitHub\kunai\test\TestExecutor\runKunai.ps1:23 char:5
+     $isApiUp = $_api.Contains('Up')
+     ~~~~~~~~~~~~~~~~~~~~~~~~~~~~~~~
    + CategoryInfo          : InvalidOperation: (:) [], RuntimeException
    + FullyQualifiedErrorId : InvokeMethodOnNull
You cannot call a method on a null-valued expression.
At C:\Users\jinxu\Documents\GitHub\kunai\test\TestExecutor\runKunai.ps1:23 char:5
+     $isApiUp = $_api.Contains('Up')
+     ~~~~~~~~~~~~~~~~~~~~~~~~~~~~~~~
    + CategoryInfo          : InvalidOperation: (:) [], RuntimeException
    + FullyQualifiedErrorId : InvokeMethodOnNull

Api is not running
cnt : The term 'cnt' is not recognized as the name of a cmdlet, function, script file, or operable program. Check the sp
elling of the name, or if a path was included, verify that the path is correct and try again.
At C:\Users\jinxu\Documents\GitHub\kunai\test\TestExecutor\runKunai.ps1:33 char:9
+     if (cnt > 2400){
+         ~~~
    + CategoryInfo          : ObjectNotFound: (cnt:String) [], CommandNotFoundException
    + FullyQualifiedErrorId : CommandNotFoundException
cnt : The term 'cnt' is not recognized as the name of a cmdlet, function, script file, or operable program. Check the spelling of the name, or if a path was included, verify that the path is correct and try again.
At C:\Users\jinxu\Documents\GitHub\kunai\test\TestExecutor\runKunai.ps1:33 char:9
+     if (cnt > 2400){
+         ~~~
    + CategoryInfo          : ObjectNotFound: (cnt:String) [], CommandNotFoundException
    + FullyQualifiedErrorId : CommandNotFoundException

You cannot call a method on a null-valued expression.
At C:\Users\jinxu\Documents\GitHub\kunai\test\TestExecutor\runKunai.ps1:17 char:5
+     $_server = (docker-compose.exe -f .\docker-compose-dbs.yml -f .\d ...
+     ~~~~~~~~~~~~~~~~~~~~~~~~~~~~~~~~~~~~~~~~~~~~~~~~~~~~~~~~~~~~~~~~~
    + CategoryInfo          : InvalidOperation: (:) [], RuntimeException
    + FullyQualifiedErrorId : InvokeMethodOnNull
You cannot call a method on a null-valued expression.
At C:\Users\jinxu\Documents\GitHub\kunai\test\TestExecutor\runKunai.ps1:17 char:5
+     $_server = (docker-compose.exe -f .\docker-compose-dbs.yml -f .\d ...
+     ~~~~~~~~~~~~~~~~~~~~~~~~~~~~~~~~~~~~~~~~~~~~~~~~~~~~~~~~~~~~~~~~~
    + CategoryInfo          : InvalidOperation: (:) [], RuntimeException
    + FullyQualifiedErrorId : InvokeMethodOnNull

You cannot call a method on a null-valued expression.
At C:\Users\jinxu\Documents\GitHub\kunai\test\TestExecutor\runKunai.ps1:18 char:5
+     $isServerUp = $_server.Contains('Up')
+     ~~~~~~~~~~~~~~~~~~~~~~~~~~~~~~~~~~~~~
    + CategoryInfo          : InvalidOperation: (:) [], RuntimeException
    + FullyQualifiedErrorId : InvokeMethodOnNull
You cannot call a method on a null-valued expression.
At C:\Users\jinxu\Documents\GitHub\kunai\test\TestExecutor\runKunai.ps1:18 char:5
+     $isServerUp = $_server.Contains('Up')
+     ~~~~~~~~~~~~~~~~~~~~~~~~~~~~~~~~~~~~~
    + CategoryInfo          : InvalidOperation: (:) [], RuntimeException
    + FullyQualifiedErrorId : InvokeMethodOnNull

Server is not running
You cannot call a method on a null-valued expression.
At C:\Users\jinxu\Documents\GitHub\kunai\test\TestExecutor\runKunai.ps1:22 char:5
+     $_api = (docker-compose.exe  -f .\docker-compose-dbs.yml -f .\doc ...
+     ~~~~~~~~~~~~~~~~~~~~~~~~~~~~~~~~~~~~~~~~~~~~~~~~~~~~~~~~~~~~~~~~~
    + CategoryInfo          : InvalidOperation: (:) [], RuntimeException
    + FullyQualifiedErrorId : InvokeMethodOnNull
You cannot call a method on a null-valued expression.
At C:\Users\jinxu\Documents\GitHub\kunai\test\TestExecutor\runKunai.ps1:22 char:5
+     $_api = (docker-compose.exe  -f .\docker-compose-dbs.yml -f .\doc ...
+     ~~~~~~~~~~~~~~~~~~~~~~~~~~~~~~~~~~~~~~~~~~~~~~~~~~~~~~~~~~~~~~~~~
    + CategoryInfo          : InvalidOperation: (:) [], RuntimeException
    + FullyQualifiedErrorId : InvokeMethodOnNull

You cannot call a method on a null-valued expression.
At C:\Users\jinxu\Documents\GitHub\kunai\test\TestExecutor\runKunai.ps1:23 char:5
+     $isApiUp = $_api.Contains('Up')
+     ~~~~~~~~~~~~~~~~~~~~~~~~~~~~~~~
    + CategoryInfo          : InvalidOperation: (:) [], RuntimeException
    + FullyQualifiedErrorId : InvokeMethodOnNull
You cannot call a method on a null-valued expression.
At C:\Users\jinxu\Documents\GitHub\kunai\test\TestExecutor\runKunai.ps1:23 char:5
+     $isApiUp = $_api.Contains('Up')
+     ~~~~~~~~~~~~~~~~~~~~~~~~~~~~~~~
    + CategoryInfo          : InvalidOperation: (:) [], RuntimeException
    + FullyQualifiedErrorId : InvokeMethodOnNull

Api is not running
cnt : The term 'cnt' is not recognized as the name of a cmdlet, function, script file, or operable program. Check the sp
elling of the name, or if a path was included, verify that the path is correct and try again.
At C:\Users\jinxu\Documents\GitHub\kunai\test\TestExecutor\runKunai.ps1:33 char:9
+     if (cnt > 2400){
+         ~~~
    + CategoryInfo          : ObjectNotFound: (cnt:String) [], CommandNotFoundException
    + FullyQualifiedErrorId : CommandNotFoundException
cnt : The term 'cnt' is not recognized as the name of a cmdlet, function, script file, or operable program. Check the spelling of the name, or if a path was included, verify that the path is correct and try again.
At C:\Users\jinxu\Documents\GitHub\kunai\test\TestExecutor\runKunai.ps1:33 char:9
+     if (cnt > 2400){
+         ~~~
    + CategoryInfo          : ObjectNotFound: (cnt:String) [], CommandNotFoundException
    + FullyQualifiedErrorId : CommandNotFoundException

PS C:\Users\jinxu\Documents\GitHub\kunai\test\TestExecutor> TerminatingError(): "The pipeline has been stopped."
>> TerminatingError(): "The pipeline has been stopped."
>> TerminatingError(): "The pipeline has been stopped."
PS C:\Users\jinxu\Documents\GitHub\kunai\master\docker> .\runKunai.ps1
.\runKunai.ps1 : The term '.\runKunai.ps1' is not recognized as the name of a cmdlet, function, script file, or operable
 program. Check the spelling of the name, or if a path was included, verify that the path is correct and try again.
At line:1 char:1
+ .\runKunai.ps1
+ ~~~~~~~~~~~~~~
    + CategoryInfo          : ObjectNotFound: (.\runKunai.ps1:String) [], CommandNotFoundException
    + FullyQualifiedErrorId : CommandNotFoundException
.\runKunai.ps1 : The term '.\runKunai.ps1' is not recognized as the name of a cmdlet, function, script file, or operable program. Check the spelling of the name, or if a path was included, verify that the path is correct and try again.
At line:1 char:1
+ .\runKunai.ps1
+ ~~~~~~~~~~~~~~
    + CategoryInfo          : ObjectNotFound: (.\runKunai.ps1:String) [], CommandNotFoundException
    + FullyQualifiedErrorId : CommandNotFoundException

PS C:\Users\jinxu\Documents\GitHub\kunai\master\docker> popd
PS C:\Users\jinxu\Documents\GitHub\kunai\test\TestExecutor> .\runKunai.ps1


You cannot call a method on a null-valued expression.
At C:\Users\jinxu\Documents\GitHub\kunai\test\TestExecutor\runKunai.ps1:19 char:5
+     $_server = (docker-compose.exe -f .\docker-compose-dbs.yml -f .\d ...
+     ~~~~~~~~~~~~~~~~~~~~~~~~~~~~~~~~~~~~~~~~~~~~~~~~~~~~~~~~~~~~~~~~~
    + CategoryInfo          : InvalidOperation: (:) [], RuntimeException
    + FullyQualifiedErrorId : InvokeMethodOnNull
You cannot call a method on a null-valued expression.
At C:\Users\jinxu\Documents\GitHub\kunai\test\TestExecutor\runKunai.ps1:19 char:5
+     $_server = (docker-compose.exe -f .\docker-compose-dbs.yml -f .\d ...
+     ~~~~~~~~~~~~~~~~~~~~~~~~~~~~~~~~~~~~~~~~~~~~~~~~~~~~~~~~~~~~~~~~~
    + CategoryInfo          : InvalidOperation: (:) [], RuntimeException
    + FullyQualifiedErrorId : InvokeMethodOnNull

You cannot call a method on a null-valued expression.
At C:\Users\jinxu\Documents\GitHub\kunai\test\TestExecutor\runKunai.ps1:20 char:5
+     $isServerUp = $_server.Contains('Up')
+     ~~~~~~~~~~~~~~~~~~~~~~~~~~~~~~~~~~~~~
    + CategoryInfo          : InvalidOperation: (:) [], RuntimeException
    + FullyQualifiedErrorId : InvokeMethodOnNull
You cannot call a method on a null-valued expression.
At C:\Users\jinxu\Documents\GitHub\kunai\test\TestExecutor\runKunai.ps1:20 char:5
+     $isServerUp = $_server.Contains('Up')
+     ~~~~~~~~~~~~~~~~~~~~~~~~~~~~~~~~~~~~~
    + CategoryInfo          : InvalidOperation: (:) [], RuntimeException
    + FullyQualifiedErrorId : InvokeMethodOnNull

Server is not running
You cannot call a method on a null-valued expression.
At C:\Users\jinxu\Documents\GitHub\kunai\test\TestExecutor\runKunai.ps1:24 char:5
+     $_api = (docker-compose.exe  -f .\docker-compose-dbs.yml -f .\doc ...
+     ~~~~~~~~~~~~~~~~~~~~~~~~~~~~~~~~~~~~~~~~~~~~~~~~~~~~~~~~~~~~~~~~~
    + CategoryInfo          : InvalidOperation: (:) [], RuntimeException
    + FullyQualifiedErrorId : InvokeMethodOnNull
You cannot call a method on a null-valued expression.
At C:\Users\jinxu\Documents\GitHub\kunai\test\TestExecutor\runKunai.ps1:24 char:5
+     $_api = (docker-compose.exe  -f .\docker-compose-dbs.yml -f .\doc ...
+     ~~~~~~~~~~~~~~~~~~~~~~~~~~~~~~~~~~~~~~~~~~~~~~~~~~~~~~~~~~~~~~~~~
    + CategoryInfo          : InvalidOperation: (:) [], RuntimeException
    + FullyQualifiedErrorId : InvokeMethodOnNull

You cannot call a method on a null-valued expression.
At C:\Users\jinxu\Documents\GitHub\kunai\test\TestExecutor\runKunai.ps1:25 char:5
+     $isApiUp = $_api.Contains('Up')
+     ~~~~~~~~~~~~~~~~~~~~~~~~~~~~~~~
    + CategoryInfo          : InvalidOperation: (:) [], RuntimeException
    + FullyQualifiedErrorId : InvokeMethodOnNull
You cannot call a method on a null-valued expression.
At C:\Users\jinxu\Documents\GitHub\kunai\test\TestExecutor\runKunai.ps1:25 char:5
+     $isApiUp = $_api.Contains('Up')
+     ~~~~~~~~~~~~~~~~~~~~~~~~~~~~~~~
    + CategoryInfo          : InvalidOperation: (:) [], RuntimeException
    + FullyQualifiedErrorId : InvokeMethodOnNull

Api is not running
cnt : The term 'cnt' is not recognized as the name of a cmdlet, function, script file, or operable program. Check the sp
elling of the name, or if a path was included, verify that the path is correct and try again.
At C:\Users\jinxu\Documents\GitHub\kunai\test\TestExecutor\runKunai.ps1:35 char:9
+     if (cnt > 2400){
+         ~~~
    + CategoryInfo          : ObjectNotFound: (cnt:String) [], CommandNotFoundException
    + FullyQualifiedErrorId : CommandNotFoundException
cnt : The term 'cnt' is not recognized as the name of a cmdlet, function, script file, or operable program. Check the spelling of the name, or if a path was included, verify that the path is correct and try again.
At C:\Users\jinxu\Documents\GitHub\kunai\test\TestExecutor\runKunai.ps1:35 char:9
+     if (cnt > 2400){
+         ~~~
    + CategoryInfo          : ObjectNotFound: (cnt:String) [], CommandNotFoundException
    + FullyQualifiedErrorId : CommandNotFoundException

You cannot call a method on a null-valued expression.
At C:\Users\jinxu\Documents\GitHub\kunai\test\TestExecutor\runKunai.ps1:19 char:5
+     $_server = (docker-compose.exe -f .\docker-compose-dbs.yml -f .\d ...
+     ~~~~~~~~~~~~~~~~~~~~~~~~~~~~~~~~~~~~~~~~~~~~~~~~~~~~~~~~~~~~~~~~~
    + CategoryInfo          : InvalidOperation: (:) [], RuntimeException
    + FullyQualifiedErrorId : InvokeMethodOnNull
You cannot call a method on a null-valued expression.
At C:\Users\jinxu\Documents\GitHub\kunai\test\TestExecutor\runKunai.ps1:19 char:5
+     $_server = (docker-compose.exe -f .\docker-compose-dbs.yml -f .\d ...
+     ~~~~~~~~~~~~~~~~~~~~~~~~~~~~~~~~~~~~~~~~~~~~~~~~~~~~~~~~~~~~~~~~~
    + CategoryInfo          : InvalidOperation: (:) [], RuntimeException
    + FullyQualifiedErrorId : InvokeMethodOnNull

You cannot call a method on a null-valued expression.
At C:\Users\jinxu\Documents\GitHub\kunai\test\TestExecutor\runKunai.ps1:20 char:5
+     $isServerUp = $_server.Contains('Up')
+     ~~~~~~~~~~~~~~~~~~~~~~~~~~~~~~~~~~~~~
    + CategoryInfo          : InvalidOperation: (:) [], RuntimeException
    + FullyQualifiedErrorId : InvokeMethodOnNull
You cannot call a method on a null-valued expression.
At C:\Users\jinxu\Documents\GitHub\kunai\test\TestExecutor\runKunai.ps1:20 char:5
+     $isServerUp = $_server.Contains('Up')
+     ~~~~~~~~~~~~~~~~~~~~~~~~~~~~~~~~~~~~~
    + CategoryInfo          : InvalidOperation: (:) [], RuntimeException
    + FullyQualifiedErrorId : InvokeMethodOnNull

Server is not running
You cannot call a method on a null-valued expression.
At C:\Users\jinxu\Documents\GitHub\kunai\test\TestExecutor\runKunai.ps1:24 char:5
+     $_api = (docker-compose.exe  -f .\docker-compose-dbs.yml -f .\doc ...
+     ~~~~~~~~~~~~~~~~~~~~~~~~~~~~~~~~~~~~~~~~~~~~~~~~~~~~~~~~~~~~~~~~~
    + CategoryInfo          : InvalidOperation: (:) [], RuntimeException
    + FullyQualifiedErrorId : InvokeMethodOnNull
You cannot call a method on a null-valued expression.
At C:\Users\jinxu\Documents\GitHub\kunai\test\TestExecutor\runKunai.ps1:24 char:5
+     $_api = (docker-compose.exe  -f .\docker-compose-dbs.yml -f .\doc ...
+     ~~~~~~~~~~~~~~~~~~~~~~~~~~~~~~~~~~~~~~~~~~~~~~~~~~~~~~~~~~~~~~~~~
    + CategoryInfo          : InvalidOperation: (:) [], RuntimeException
    + FullyQualifiedErrorId : InvokeMethodOnNull

You cannot call a method on a null-valued expression.
At C:\Users\jinxu\Documents\GitHub\kunai\test\TestExecutor\runKunai.ps1:25 char:5
+     $isApiUp = $_api.Contains('Up')
+     ~~~~~~~~~~~~~~~~~~~~~~~~~~~~~~~
    + CategoryInfo          : InvalidOperation: (:) [], RuntimeException
    + FullyQualifiedErrorId : InvokeMethodOnNull
You cannot call a method on a null-valued expression.
At C:\Users\jinxu\Documents\GitHub\kunai\test\TestExecutor\runKunai.ps1:25 char:5
+     $isApiUp = $_api.Contains('Up')
+     ~~~~~~~~~~~~~~~~~~~~~~~~~~~~~~~
    + CategoryInfo          : InvalidOperation: (:) [], RuntimeException
    + FullyQualifiedErrorId : InvokeMethodOnNull

Api is not running
cnt : The term 'cnt' is not recognized as the name of a cmdlet, function, script file, or operable program. Check the sp
elling of the name, or if a path was included, verify that the path is correct and try again.
At C:\Users\jinxu\Documents\GitHub\kunai\test\TestExecutor\runKunai.ps1:35 char:9
+     if (cnt > 2400){
+         ~~~
    + CategoryInfo          : ObjectNotFound: (cnt:String) [], CommandNotFoundException
    + FullyQualifiedErrorId : CommandNotFoundException
cnt : The term 'cnt' is not recognized as the name of a cmdlet, function, script file, or operable program. Check the spelling of the name, or if a path was included, verify that the path is correct and try again.
At C:\Users\jinxu\Documents\GitHub\kunai\test\TestExecutor\runKunai.ps1:35 char:9
+     if (cnt > 2400){
+         ~~~
    + CategoryInfo          : ObjectNotFound: (cnt:String) [], CommandNotFoundException
    + FullyQualifiedErrorId : CommandNotFoundException

You cannot call a method on a null-valued expression.
At C:\Users\jinxu\Documents\GitHub\kunai\test\TestExecutor\runKunai.ps1:19 char:5
+     $_server = (docker-compose.exe -f .\docker-compose-dbs.yml -f .\d ...
+     ~~~~~~~~~~~~~~~~~~~~~~~~~~~~~~~~~~~~~~~~~~~~~~~~~~~~~~~~~~~~~~~~~
    + CategoryInfo          : InvalidOperation: (:) [], RuntimeException
    + FullyQualifiedErrorId : InvokeMethodOnNull
You cannot call a method on a null-valued expression.
At C:\Users\jinxu\Documents\GitHub\kunai\test\TestExecutor\runKunai.ps1:19 char:5
+     $_server = (docker-compose.exe -f .\docker-compose-dbs.yml -f .\d ...
+     ~~~~~~~~~~~~~~~~~~~~~~~~~~~~~~~~~~~~~~~~~~~~~~~~~~~~~~~~~~~~~~~~~
    + CategoryInfo          : InvalidOperation: (:) [], RuntimeException
    + FullyQualifiedErrorId : InvokeMethodOnNull

You cannot call a method on a null-valued expression.
At C:\Users\jinxu\Documents\GitHub\kunai\test\TestExecutor\runKunai.ps1:20 char:5
+     $isServerUp = $_server.Contains('Up')
+     ~~~~~~~~~~~~~~~~~~~~~~~~~~~~~~~~~~~~~
    + CategoryInfo          : InvalidOperation: (:) [], RuntimeException
    + FullyQualifiedErrorId : InvokeMethodOnNull
PS C:\Users\jinxu\Documents\GitHub\kunai\test\TestExecutor> TerminatingError(): "The pipeline has been stopped."
>> TerminatingError(): "The pipeline has been stopped."
>> TerminatingError(): "The pipeline has been stopped."
>> TerminatingError(): "The pipeline has been stopped."
PS C:\Users\jinxu\Documents\GitHub\kunai\master\docker> y
y : The term 'y' is not recognized as the name of a cmdlet, function, script file, or operable program. Check the spelli
ng of the name, or if a path was included, verify that the path is correct and try again.
At line:1 char:1
+ y
+ ~
    + CategoryInfo          : ObjectNotFound: (y:String) [], CommandNotFoundException
    + FullyQualifiedErrorId : CommandNotFoundException
y : The term 'y' is not recognized as the name of a cmdlet, function, script file, or operable program. Check the spelling of the name, or if a path was included, verify that the path is correct and try again.
At line:1 char:1
+ y
+ ~
    + CategoryInfo          : ObjectNotFound: (y:String) [], CommandNotFoundException
    + FullyQualifiedErrorId : CommandNotFoundException

PS C:\Users\jinxu\Documents\GitHub\kunai\master\docker> popd
PS C:\Users\jinxu\Documents\GitHub\kunai\test\TestExecutor> .\runKunai.ps1


Server is not running
You cannot call a method on a null-valued expression.
At C:\Users\jinxu\Documents\GitHub\kunai\test\TestExecutor\runKunai.ps1:32 char:5
+     $isApiUp = $_api.Contains('Up')
+     ~~~~~~~~~~~~~~~~~~~~~~~~~~~~~~~
    + CategoryInfo          : InvalidOperation: (:) [], RuntimeException
    + FullyQualifiedErrorId : InvokeMethodOnNull
You cannot call a method on a null-valued expression.
At C:\Users\jinxu\Documents\GitHub\kunai\test\TestExecutor\runKunai.ps1:32 char:5
+     $isApiUp = $_api.Contains('Up')
+     ~~~~~~~~~~~~~~~~~~~~~~~~~~~~~~~
    + CategoryInfo          : InvalidOperation: (:) [], RuntimeException
    + FullyQualifiedErrorId : InvokeMethodOnNull

Api is not running
Server is not running
You cannot call a method on a null-valued expression.
At C:\Users\jinxu\Documents\GitHub\kunai\test\TestExecutor\runKunai.ps1:32 char:5
+     $isApiUp = $_api.Contains('Up')
+     ~~~~~~~~~~~~~~~~~~~~~~~~~~~~~~~
    + CategoryInfo          : InvalidOperation: (:) [], RuntimeException
    + FullyQualifiedErrorId : InvokeMethodOnNull
You cannot call a method on a null-valued expression.
At C:\Users\jinxu\Documents\GitHub\kunai\test\TestExecutor\runKunai.ps1:32 char:5
+     $isApiUp = $_api.Contains('Up')
+     ~~~~~~~~~~~~~~~~~~~~~~~~~~~~~~~
    + CategoryInfo          : InvalidOperation: (:) [], RuntimeException
    + FullyQualifiedErrorId : InvokeMethodOnNull

Api is not running
PS C:\Users\jinxu\Documents\GitHub\kunai\test\TestExecutor> TerminatingError(): "The pipeline has been stopped."
>> TerminatingError(): "The pipeline has been stopped."
>> TerminatingError(): "The pipeline has been stopped."
PS C:\Users\jinxu\Documents\GitHub\kunai\test\TestExecutor> popd
PS C:\Users\jinxu\Documents\GitHub\kunai\test\TestExecutor> .\runKunai.ps1


Server is not running
Api is not running
Server is not running
Api is not running
Server is not running
Api is not running
Server is not running
Api is not running
Server is not running
Api is not running
Server is not running
Api is not running
Server is not running
Api is not running
Server is not running
Api is not running
Server is not running
Api is not running
Server is not running
Api is not running
Server is not running
Api is not running
Server is not running
Api is not running
Server is not running
Api is not running
Server is not running
Api is not running
Server is not running
Api is not running
Server is not running
Api is not running
Server is not running
Api is not running
Server is not running
Api is not running
Server is not running
Api is not running
Server is not running
Api is not running
Server is not running
Api is not running
Server is not running
Api is not running
Server is not running
Api is not running
Server is not running
Api is not running
Server is not running
Api is not running
Server is not running
Api is not running
Server is not running
Api is not running
Server is not running
Api is not running
Server is not running
Api is not running
Server is not running
Api is not running
Server is not running
Api is not running
Server is not running
Api is not running
Server is not running
Api is not running
Server is not running
Api is not running
Server is not running
Api is not running
Server is not running
Api is not running
Server is not running
Api is not running
Server is not running
Api is not running
Server is not running
Api is not running
Server is not running
Api is not running
Server is not running
Api is not running
Server is not running
Api is not running
Server is not running
Api is not running
Server is not running
Api is not running
Server is not running
Api is not running
Server is not running
Api is not running
Server is not running
Api is not running
Server is not running
Api is not running
Server is not running
Api is not running
Server is not running
Api is not running
Server is not running
Api is not running
Server is not running
Api is not running
Server is not running
Api is not running
Server is not running
Api is not running
Server is not running
Api is not running
Server is not running
Api is not running
Server is not running
Api is not running
Server is not running
Api is not running
Server is not running
Api is not running
Server is not running
Api is not running
Server is not running
Api is not running
Server is not running
Api is not running
Server is not running
Api is not running
Server is not running
Api is not running
Server is not running
Api is not running
Server is not running
Api is not running
Server is not running
Api is not running
Server is not running
Api is not running
Server is not running
Api is not running
Server is not running
Api is not running
Server is not running
Api is not running
Server is not running
Api is not running
Server is not running
Api is not running
Server is not running
Api is not running
Server is not running
Api is not running
Server is not running
Api is not running
Server is not running
Api is not running
Server is not running
Api is not running
Server is not running
Api is not running
Server is not running
Api is not running
Server is not running
Api is not running
Server is not running
Api is not running
Server is not running
Api is not running
Server is not running
Api is not running
Server is not running
Api is not running
Server is not running
Api is not running
Server is not running
Api is not running
Server is not running
Api is not running
Server is not running
Api is not running
Server is not running
Api is not running
Server is not running
Api is not running
Server is not running
Api is not running
Server is not running
Api is not running
Server is not running
Api is not running
Server is not running
Api is not running
Server is not running
Api is not running
Server is not running
Api is not running
Server is not running
Api is not running
Server is not running
Api is not running
Server is not running
Api is not running
Server is not running
Api is not running
Server is not running
Api is not running
Server is not running
Api is not running
Server is not running
Api is not running
Server is not running
Api is not running
Server is not running
Api is not running
Server is not running
Api is not running
Server is not running
Api is not running
Server is not running
Api is not running
Server is not running
Api is not running
Server is not running
Api is not running
Server is not running
Api is not running
Server is not running
Api is not running
Server is not running
Api is not running
Server is not running
Api is not running
Server is not running
Api is not running
Server is not running
Api is not running
Server is not running
Api is not running
Server is not running
Api is not running
Server is not running
Api is not running
Server is not running
Api is not running
Server is not running
Api is not running
Server is not running
Api is not running
Server is not running
Api is not running
Server is not running
Api is not running
Server is not running
Api is not running
Server is not running
Api is not running
Server is not running
Api is not running
Server is not running
Api is not running
Server is not running
Api is not running
Server is not running
Api is not running
Server is not running
Api is not running
Server is not running
Api is not running
Server is not running
Api is not running
Server is not running
Api is not running
Server is not running
Api is not running
Server is not running
Api is not running
Server is not running
Api is not running
Server is not running
Api is not running
Server is not running
Api is not running
Server is not running
Api is not running
Server is not running
Api is not running
Server is not running
Api is not running
Server is not running
Api is not running
Server is not running
Api is not running
Server is not running
Api is not running
Server is not running
Api is not running
Server is not running
Api is not running
Server is not running
Api is not running
Server is not running
Api is not running
Server is not running
Api is not running
Server is not running
Api is not running
Server is not running
Api is not running
Server is not running
Api is not running
Server is not running
Api is not running
Server is not running
Api is not running
Server is not running
Api is not running
Server is not running
Api is not running
Server is not running
Api is not running
Server is not running
Api is not running
Server is not running
Api is not running
Server is not running
Api is not running
Server is not running
Api is not running
Server is not running
Api is not running
Server is not running
Api is not running
Server is not running
Api is not running
Server is not running
Api is not running
Server is not running
Api is not running
Server is not running
Api is not running
Server is not running
Api is not running
Server is not running
Api is not running
Server is not running
Api is not running
Server is not running
Api is not running
Server is not running
Both Server and Api docker are starting... wait another 2 minutes
